exports[`Component: Country list should have a classname 1`] = `
<ul
  className="c-list" />
`;

exports[`Component: Country list should render items 1`] = `
<ul
  className="c-list">
  <li
    className="c-list__item">
    <div
      className="c-list__block">
      <h2
        className="c-list__title">
        United Kingdom
      </h2>
      <a
        onClick={[Function]}
        style={Object {}}>
        <img
          alt="{country.name}"
          className="c-list__image"
          src="/assets/country/city.jpg" />
      </a>
    </div>
  </li>
  <li
    className="c-list__item">
    <div
      className="c-list__block">
      <h2
        className="c-list__title">
        Switzerland
      </h2>
      <a
        onClick={[Function]}
        style={Object {}}>
        <img
          alt="{country.name}"
          className="c-list__image"
          src="/assets/country/switzerlandAlps.jpg" />
      </a>
    </div>
  </li>
  <li
    className="c-list__item">
    <div
      className="c-list__block">
      <h2
        className="c-list__title">
        Poland
      </h2>
      <a
        onClick={[Function]}
        style={Object {}}>
        <img
          alt="{country.name}"
          className="c-list__image"
          src="/assets/country/krakow.jpg" />
      </a>
    </div>
  </li>
</ul>
`;

exports[`Component: Country list should render the list 1`] = `
<ul
  className="c-list" />
`;
